// Jest Snapshot v1, https://goo.gl/fbAQLP

exports[`Component should return an EInput with placeholder=Asd, value=asd, onChange='function: void'  1`] = `
<div
  className="full-input-outer"
>
  <div
    className="input-container not-empty"
  >
    <label
      className="input-placeholder"
    >
      Asd
    </label>
    <input
      className="input"
      onBlur={[Function]}
      onChange={[Function]}
      onFocus={[Function]}
      value="asd"
    />
  </div>
</div>
`;
