// Jest Snapshot v1, https://goo.gl/fbAQLP

exports[`Input test 1`] = `
<div
  className="full-input-outer"
>
  <div
    className="input-container not-empty"
  >
    <label
      className="input-placeholder"
    >
      Name
    </label>
    <input
      className="input"
      onBlur={[Function]}
      onChange={[Function]}
      onFocus={[Function]}
      value="George"
    />
  </div>
</div>
`;
